Microchip MPLAB XC8 Compiler V2.32

Linker command line:

-W-3 --edf=C:\Program Files\Microchip\xc8\v2.32\pic\dat\en_msgs.txt -cn \
  -h+dist/default/production\BootLoader_20211204.X.production.sym \
  --cmf=dist/default/production\BootLoader_20211204.X.production.cmf -z \
  -Q16F18446 -oC:\Users\doinc\AppData\Local\Temp\xcAs38k.4 \
  --defsym=__MPLAB_BUILD=1 \
  -Mdist/default/production/BootLoader_20211204.X.production.map -E1 \
  -ver=XC8 Compiler --acfsm=1493 -ASTACK=0205Ah-025CFh -pstack=STACK \
  -p_reverse_16_text=DA0h -p_crc_test_text=E00h -p_TMR0_Int_text=A00h \
  -p_reverse_8_text=D40h -p_EUSART_receive_text=F00h \
  -p_FLASH_Write_a_word_text=D00h -ACODE=00h-07FFhx8 -ASTRCODE=00h-03FFFh \
  -ASTRING=00h-0FFhx64 -ACONST=00h-0FFhx64 -AENTRY=00h-0FFhx64 \
  -ACOMMON=070h-07Fh -ABANK0=020h-06Fh -ABANK1=0A0h-0EFh \
  -ABANK2=0120h-016Fh -ABANK3=01A0h-01EFh -ABANK4=0220h-026Fh \
  -ABANK5=02A0h-02EFh -ABANK6=0320h-036Fh -ABANK7=03A0h-03EFh \
  -ABANK8=0420h-046Fh -ABANK9=04A0h-04EFh -ABANK10=0520h-056Fh \
  -ABANK11=05A0h-05EFh -ABANK12=0620h-066Fh -ABANK13=06A0h-06EFh \
  -ABANK14=0720h-076Fh -ABANK15=07A0h-07EFh -ABANK16=0820h-086Fh \
  -ABANK17=08A0h-08EFh -ABANK18=0920h-096Fh -ABANK19=09A0h-09EFh \
  -ABANK20=0A20h-0A6Fh -ABANK21=0AA0h-0AEFh -ABANK22=0B20h-0B6Fh \
  -ABANK23=0BA0h-0BEFh -ABANK24=0C20h-0C6Fh -ABANK25=0CA0h-0CBFh \
  -ABIGRAM=02000h-027EFh \
  -ARAM=020h-06Fh,0A0h-0EFh,0120h-016Fh,01A0h-01EFh,0220h-026Fh,02A0h-02EFh,0320h-036Fh,03A0h-03EFh,0420h-046Fh,04A0h-04EFh,0520h-056Fh,05A0h-05EFh,0620h-066Fh,06A0h-06EFh,0720h-076Fh,07A0h-07EFh,0820h-086Fh,08A0h-08EFh,0920h-096Fh,09A0h-09EFh,0A20h-0A6Fh,0AA0h-0AEFh,0B20h-0B6Fh,0BA0h-0BEFh,0C20h-0C6Fh,0CA0h-0CBFh \
  -AABS1=020h-07Fh,0A0h-0EFh,0120h-016Fh,01A0h-01EFh,0220h-026Fh,02A0h-02EFh,0320h-036Fh,03A0h-03EFh,0420h-046Fh,04A0h-04EFh,0520h-056Fh,05A0h-05EFh,0620h-066Fh,06A0h-06EFh,0720h-076Fh,07A0h-07EFh,0820h-086Fh,08A0h-08EFh,0920h-096Fh,09A0h-09EFh,0A20h-0A6Fh,0AA0h-0AEFh,0B20h-0B6Fh,0BA0h-0BEFh,0C20h-0C6Fh,0CA0h-0CBFh \
  -ASFR0=00h-01Fh -ASFR1=080h-09Fh -ASFR2=0100h-011Fh -ASFR3=0180h-019Fh \
  -ASFR4=0200h-021Fh -ASFR5=0280h-029Fh -ASFR6=0300h-031Fh \
  -ASFR7=0380h-039Fh -ASFR8=0400h-041Fh -ASFR9=0480h-049Fh \
  -ASFR10=0500h-051Fh -ASFR11=0580h-059Fh -ASFR12=0600h-061Fh \
  -ASFR13=0680h-069Fh -ASFR14=0700h-071Fh -ASFR15=0780h-079Fh \
  -ASFR16=0800h-081Fh -ASFR17=0880h-089Fh -ASFR18=0900h-091Fh \
  -ASFR19=0980h-099Fh -ASFR20=0A00h-0A1Fh -ASFR21=0A80h-0A9Fh \
  -ASFR22=0B00h-0B1Fh -ASFR23=0B80h-0B9Fh -ASFR24=0C00h-0C1Fh \
  -ASFR25=0C80h-0C9Fh -ASFR26=0D00h-0D6Fh -ASFR27=0D80h-0DEFh \
  -ASFR28=0E00h-0E6Fh -ASFR29=0E80h-0EEFh -ASFR30=0F00h-0F6Fh \
  -ASFR31=0F80h-0FEFh -ASFR32=01000h-0106Fh -ASFR33=01080h-010EFh \
  -ASFR34=01100h-0116Fh -ASFR35=01180h-011EFh -ASFR36=01200h-0126Fh \
  -ASFR37=01280h-012EFh -ASFR38=01300h-0136Fh -ASFR39=01380h-013EFh \
  -ASFR40=01400h-0146Fh -ASFR41=01480h-014EFh -ASFR42=01500h-0156Fh \
  -ASFR43=01580h-015EFh -ASFR44=01600h-0166Fh -ASFR45=01680h-016EFh \
  -ASFR46=01700h-0176Fh -ASFR47=01780h-017EFh -ASFR48=01800h-0186Fh \
  -ASFR49=01880h-018EFh -ASFR50=01900h-0196Fh -ASFR51=01980h-019EFh \
  -ASFR52=01A00h-01A6Fh -ASFR53=01A80h-01AEFh -ASFR54=01B00h-01B6Fh \
  -ASFR55=01B80h-01BEFh -ASFR56=01C00h-01C6Fh -ASFR57=01C80h-01CEFh \
  -ASFR58=01D00h-01D6Fh -ASFR59=01D80h-01DEFh -ASFR60=01E00h-01E6Fh \
  -ASFR61=01E80h-01EEFh -ASFR62=01F00h-01F6Fh -ASFR63=01F80h-01FEFh \
  -ACONFIG=08007h-0800Bh -DCONFIG=2 -AIDLOC=08000h-08003h -DIDLOC=2 \
  -AEEDATA=00h-0FFh/0F000h -peeprom_data=EEDATA -DEEDATA=2 -DCODE=2 \
  -DSTRCODE=2 -DSTRING=2 -DCONST=2 -DENTRY=2 \
  -preset_vec=00h,intentry=04h,init,end_init -ppowerup=CODE -pcinit=CODE \
  -pfunctab=ENTRY -k C:\Users\doinc\AppData\Local\Temp\xcAs38k.o \
  dist/default/production\BootLoader_20211204.X.production.o 

Object code version is 3.11

Machine type is 16F18446



                Name                               Link     Load   Length Selector   Space Scale
C:\Users\doinc\AppData\Local\Temp\xcAs38k.o
                end_init                             88       88        2        8       0
                reset_vec                             0        0        2        0       0
                config                             8007     8007        5        0       4
dist/default/production\BootLoader_20211204.X.production.o
                cinit                                8A       8A       11        8       0
                intentry                              4        4       84        8       0
                config                             8007     8007        5        0       4
                text34                              1F1      1F1       1A        8       0
                text33                              2BA      2BA        4        8       0
                text32                              2C8      2C8        1        8       0
                text31                              2B6      2B6        4        8       0
                text30                              2B1      2B1        5        8       0
                text29                              2C4      2C4        3        8       0
                text28                              2C1      2C1        3        8       0
                _EUSART_receive_text                F00      F00       1A     1E00       0
                text26                              13E      13E       3A        8       0
                text25                              1D5      1D5       1C        8       0
                text24                              20B      20B       19        8       0
                _FLASH_Write_a_word_text            D00      D00       21     1A00       0
                text22                               9B       9B       5F        8       0
                _reverse_16_text                    DA0      DA0       36     1B40       0
                _reverse_8_text                     D40      D40       2C     1A80       0
                _crc_test_text                      E00      E00       8B     1C00       0
                _TMR0_Int_text                      A00      A00      136     1400       0
                text17                              2C7      2C7        1        8       0
                text16                              25F      25F        F        8       0
                text14                              24C      24C       13        8       0
                text13                              2AB      2AB        6        8       0
                text12                              2A5      2A5        6        8       0
                text11                              29F      29F        6        8       0
                text10                              28A      28A        9        8       0
                text9                               178      178       34        8       0
                text8                               281      281        9        8       0
                text7                               1AC      1AC       29        8       0
                text6                               26E      26E        A        8       0
                text5                               278      278        9        8       0
                text4                               224      224       15        8       0
                text3                               299      299        6        8       0
                text2                               239      239       13        8       0
                text1                               2BE      2BE        3        8       0
                maintext                             FA       FA       44        8       0
                cstackBANK0                          20       20       29       20       1
                cstackCOMMON                         70       70        C       70       1
                cstackBANK1                          A8       A8        2       A0       1
                clrtext                             293      293        6        8       0
                bssBANK1                             A6       A6        2       A0       1
                bssBANK0                             49       49       10       20       1
                bssCOMMON                            7C       7C        2       70       1
                nvBANK1                              A0       A0        6       A0       1
                nvBANK0                              59       59        4       20       1

TOTAL           Name                               Link     Load   Length     Space
        CLASS   STACK          

        CLASS   CODE           
                end_init                             88       88        2         0
                cinit                                8A       8A       11         0
                intentry                              4        4       84         0
                reset_vec                             0        0        2         0
                text34                              1F1      1F1       1A         0
                text33                              2BA      2BA        4         0
                text32                              2C8      2C8        1         0
                text31                              2B6      2B6        4         0
                text30                              2B1      2B1        5         0
                text29                              2C4      2C4        3         0
                text28                              2C1      2C1        3         0
                _EUSART_receive_text                F00      F00       1A         0
                text26                              13E      13E       3A         0
                text25                              1D5      1D5       1C         0
                text24                              20B      20B       19         0
                _FLASH_Write_a_word_text            D00      D00       21         0
                text22                               9B       9B       5F         0
                _reverse_16_text                    DA0      DA0       36         0
                _reverse_8_text                     D40      D40       2C         0
                _crc_test_text                      E00      E00       8B         0
                _TMR0_Int_text                      A00      A00      136         0
                text17                              2C7      2C7        1         0
                text16                              25F      25F        F         0
                text14                              24C      24C       13         0
                text13                              2AB      2AB        6         0
                text12                              2A5      2A5        6         0
                text11                              29F      29F        6         0
                text10                              28A      28A        9         0
                text9                               178      178       34         0
                text8                               281      281        9         0
                text7                               1AC      1AC       29         0
                text6                               26E      26E        A         0
                text5                               278      278        9         0
                text4                               224      224       15         0
                text3                               299      299        6         0
                text2                               239      239       13         0
                text1                               2BE      2BE        3         0
                maintext                             FA       FA       44         0
                clrtext                             293      293        6         0

        CLASS   STRCODE        

        CLASS   STRING         

        CLASS   CONST          

        CLASS   ENTRY          

        CLASS   COMMON         
                cstackCOMMON                         70       70        C         1
                bssCOMMON                            7C       7C        2         1

        CLASS   BANK0          
                cstackBANK0                          20       20       29         1
                bssBANK0                             49       49       10         1
                nvBANK0                              59       59        4         1

        CLASS   BANK1          
                cstackBANK1                          A8       A8        2         1
                bssBANK1                             A6       A6        2         1
                nvBANK1                              A0       A0        6         1

        CLASS   BANK2          

        CLASS   BANK3          

        CLASS   BANK4          

        CLASS   BANK5          

        CLASS   BANK6          

        CLASS   BANK7          

        CLASS   BANK8          

        CLASS   BANK9          

        CLASS   BANK10         

        CLASS   BANK11         

        CLASS   BANK12         

        CLASS   BANK13         

        CLASS   BANK14         

        CLASS   BANK15         

        CLASS   BANK16         

        CLASS   BANK17         

        CLASS   BANK18         

        CLASS   BANK19         

        CLASS   BANK20         

        CLASS   BANK21         

        CLASS   BANK22         

        CLASS   BANK23         

        CLASS   BANK24         

        CLASS   BANK25         

        CLASS   BIGRAM         

        CLASS   RAM            

        CLASS   ABS1           
                abs_s1                               7E       7E        2         1
                abs_s1                              950      950       20         1
                abs_s1                              9A0      9A0        1         1
                abs_s1                              9AF      9AF        1         1

        CLASS   SFR0           

        CLASS   SFR1           

        CLASS   SFR2           

        CLASS   SFR3           

        CLASS   SFR4           

        CLASS   SFR5           

        CLASS   SFR6           

        CLASS   SFR7           

        CLASS   SFR8           

        CLASS   SFR9           

        CLASS   SFR10          

        CLASS   SFR11          

        CLASS   SFR12          

        CLASS   SFR13          

        CLASS   SFR14          

        CLASS   SFR15          

        CLASS   SFR16          

        CLASS   SFR17          

        CLASS   SFR18          

        CLASS   SFR19          

        CLASS   SFR20          

        CLASS   SFR21          

        CLASS   SFR22          

        CLASS   SFR23          

        CLASS   SFR24          

        CLASS   SFR25          

        CLASS   SFR26          

        CLASS   SFR27          

        CLASS   SFR28          

        CLASS   SFR29          

        CLASS   SFR30          

        CLASS   SFR31          

        CLASS   SFR32          

        CLASS   SFR33          

        CLASS   SFR34          

        CLASS   SFR35          

        CLASS   SFR36          

        CLASS   SFR37          

        CLASS   SFR38          

        CLASS   SFR39          

        CLASS   SFR40          

        CLASS   SFR41          

        CLASS   SFR42          

        CLASS   SFR43          

        CLASS   SFR44          

        CLASS   SFR45          

        CLASS   SFR46          

        CLASS   SFR47          

        CLASS   SFR48          

        CLASS   SFR49          

        CLASS   SFR50          

        CLASS   SFR51          

        CLASS   SFR52          

        CLASS   SFR53          

        CLASS   SFR54          

        CLASS   SFR55          

        CLASS   SFR56          

        CLASS   SFR57          

        CLASS   SFR58          

        CLASS   SFR59          

        CLASS   SFR60          

        CLASS   SFR61          

        CLASS   SFR62          

        CLASS   SFR63          

        CLASS   CONFIG         
                config                             8007     8007        5         4

        CLASS   IDLOC          

        CLASS   EEDATA         

        CLASS   BANK63         

        CLASS   BANK62         

        CLASS   BANK61         

        CLASS   BANK60         

        CLASS   BANK59         

        CLASS   BANK58         

        CLASS   BANK57         

        CLASS   BANK56         

        CLASS   BANK55         

        CLASS   BANK54         

        CLASS   BANK53         

        CLASS   BANK52         

        CLASS   BANK51         

        CLASS   BANK50         

        CLASS   BANK49         

        CLASS   BANK48         

        CLASS   BANK47         

        CLASS   BANK46         

        CLASS   BANK45         

        CLASS   BANK44         

        CLASS   BANK43         

        CLASS   BANK42         

        CLASS   BANK41         

        CLASS   BANK40         

        CLASS   BANK39         

        CLASS   BANK38         

        CLASS   BANK37         

        CLASS   BANK36         

        CLASS   BANK35         

        CLASS   BANK34         

        CLASS   BANK33         

        CLASS   BANK32         

        CLASS   BANK31         

        CLASS   BANK30         

        CLASS   BANK29         

        CLASS   BANK28         

        CLASS   BANK27         

        CLASS   BANK26         



SEGMENTS        Name                           Load    Length   Top    Selector   Space  Class     Delta

                reset_vec                      000000  000002  000002         0       0  CODE        2
                intentry                       000004  0002C5  0002C9         8       0  CODE        2
                cstackBANK0                    000020  00003D  00005D        20       1  BANK0       1
                cstackCOMMON                   000070  00000E  00007E        70       1  COMMON      1
                nvBANK1                        0000A0  00000A  0000AA        A0       1  BANK1       1
                _TMR0_Int_text                 000A00  000136  000B36      1400       0  CODE        2
                _FLASH_Write_a_word_text       000D00  000021  000D21      1A00       0  CODE        2
                _reverse_8_text                000D40  00002C  000D6C      1A80       0  CODE        2
                _reverse_16_text               000DA0  000036  000DD6      1B40       0  CODE        2
                _crc_test_text                 000E00  00008B  000E8B      1C00       0  CODE        2
                _EUSART_receive_text           000F00  00001A  000F1A      1E00       0  CODE        2


UNUSED ADDRESS RANGES

        Name                Unused          Largest block    Delta
        BANK0            0005D-0006F              13           1
        BANK1            000AA-000EF              46           1
        BANK10           00520-0056F              50           1
        BANK11           005A0-005EF              50           1
        BANK12           00620-0066F              50           1
        BANK13           006A0-006EF              50           1
        BANK14           00720-0076F              50           1
        BANK15           007A0-007EF              50           1
        BANK16           00820-0086F              50           1
        BANK17           008A0-008EF              50           1
        BANK18           00920-0094F              30           1
        BANK19           009A1-009AE               E           1
                         009B0-009EF              40
        BANK2            00120-0016F              50           1
        BANK20           00A20-00A6F              50           1
        BANK21           00AA0-00AEF              50           1
        BANK22           00B20-00B6F              50           1
        BANK23           00BA0-00BEF              50           1
        BANK24           00C20-00C6F              50           1
        BANK25           00CA0-00CBF              20           1
        BANK3            001A0-001EF              50           1
        BANK4            00220-0026F              50           1
        BANK5            002A0-002EF              50           1
        BANK6            00320-0036F              50           1
        BANK7            003A0-003EF              50           1
        BANK8            00420-0046F              50           1
        BANK9            004A0-004EF              50           1
        BIGRAM           02000-027EF             7F0           1
        CODE             00002-00003               2           2
                         002C9-009FF             537
                         00B36-00CFF             1CA
                         00D21-00D3F              1F
                         00D6C-00D9F              34
                         00DD6-00DFF              2A
                         00E8B-00EFF              75
                         00F1A-03FFF             800
        CONST            00002-00003               2           2
                         002C9-009FF             100
                         00B36-00CFF              CA
                         00D21-00D3F              1F
                         00D6C-00D9F              34
                         00DD6-00DFF              2A
                         00E8B-00EFF              75
                         00F1A-03FFF             100
        EEDATA           0F000-0F0FF             100           2
        ENTRY            00002-00003               2           2
                         002C9-009FF             100
                         00B36-00CFF              CA
                         00D21-00D3F              1F
                         00D6C-00D9F              34
                         00DD6-00DFF              2A
                         00E8B-00EFF              75
                         00F1A-03FFF             100
        IDLOC            08000-08003               4           2
        RAM              0005D-0006F              13           1
                         000AA-000EF              46
                         00120-0016F              50
                         001A0-001EF              50
                         00220-0026F              50
                         002A0-002EF              50
                         00320-0036F              50
                         003A0-003EF              50
                         00420-0046F              50
                         004A0-004EF              50
                         00520-0056F              50
                         005A0-005EF              50
                         00620-0066F              50
                         006A0-006EF              50
                         00720-0076F              50
                         007A0-007EF              50
                         00820-0086F              50
                         008A0-008EF              50
                         00920-0094F              30
                         009A1-009AE               E
                         009B0-009EF              40
                         00A20-00A6F              50
                         00AA0-00AEF              50
                         00B20-00B6F              50
                         00BA0-00BEF              50
                         00C20-00C6F              50
                         00CA0-00CBF              20
        SFR0             00000-0001F              20           1
        SFR1             00080-0009F              20           1
        SFR10            00500-0051F              20           1
        SFR11            00580-0059F              20           1
        SFR12            00600-0061F              20           1
        SFR13            00680-0069F              20           1
        SFR14            00700-0071F              20           1
        SFR15            00780-0079F              20           1
        SFR16            00800-0081F              20           1
        SFR17            00880-0089F              20           1
        SFR18            00900-0091F              20           1
        SFR19            00980-0099F              20           1
        SFR2             00100-0011F              20           1
        SFR20            00A00-00A1F              20           1
        SFR21            00A80-00A9F              20           1
        SFR22            00B00-00B1F              20           1
        SFR23            00B80-00B9F              20           1
        SFR24            00C00-00C1F              20           1
        SFR25            00C80-00C9F              20           1
        SFR26            00D00-00D6F              70           1
        SFR27            00D80-00DEF              70           1
        SFR28            00E00-00E6F              70           1
        SFR29            00E80-00EEF              70           1
        SFR3             00180-0019F              20           1
        SFR30            00F00-00F6F              70           1
        SFR31            00F80-00FEF              70           1
        SFR32            01000-0106F              70           1
        SFR33            01080-010EF              70           1
        SFR34            01100-0116F              70           1
        SFR35            01180-011EF              70           1
        SFR36            01200-0126F              70           1
        SFR37            01280-012EF              70           1
        SFR38            01300-0136F              70           1
        SFR39            01380-013EF              70           1
        SFR4             00200-0021F              20           1
        SFR40            01400-0146F              70           1
        SFR41            01480-014EF              70           1
        SFR42            01500-0156F              70           1
        SFR43            01580-015EF              70           1
        SFR44            01600-0166F              70           1
        SFR45            01680-016EF              70           1
        SFR46            01700-0176F              70           1
        SFR47            01780-017EF              70           1
        SFR48            01800-0186F              70           1
        SFR49            01880-018EF              70           1
        SFR5             00280-0029F              20           1
        SFR50            01900-0196F              70           1
        SFR51            01980-019EF              70           1
        SFR52            01A00-01A6F              70           1
        SFR53            01A80-01AEF              70           1
        SFR54            01B00-01B6F              70           1
        SFR55            01B80-01BEF              70           1
        SFR56            01C00-01C6F              70           1
        SFR57            01C80-01CEF              70           1
        SFR58            01D00-01D6F              70           1
        SFR59            01D80-01DEF              70           1
        SFR6             00300-0031F              20           1
        SFR60            01E00-01E6F              70           1
        SFR61            01E80-01EEF              70           1
        SFR62            01F00-01F6F              70           1
        SFR63            01F80-01FEF              70           1
        SFR7             00380-0039F              20           1
        SFR8             00400-0041F              20           1
        SFR9             00480-0049F              20           1
        STACK            0205A-025CF             576           1
        STRCODE          00002-00003               2           2
                         002C9-009FF             737
                         00B36-00CFF             1CA
                         00D21-00D3F              1F
                         00D6C-00D9F              34
                         00DD6-00DFF              2A
                         00E8B-00EFF              75
                         00F1A-03FFF            30E6
        STRING           00002-00003               2           2
                         002C9-009FF             100
                         00B36-00CFF              CA
                         00D21-00D3F              1F
                         00D6C-00D9F              34
                         00DD6-00DFF              2A
                         00E8B-00EFF              75
                         00F1A-03FFF             100

                                  Symbol Table

?_FLASH_ReadWord                                cstackCOMMON             00070
?___awdiv                                       cstackCOMMON             00070
?_crc_test                                      cstackCOMMON             0007A
?_reverse_16                                    cstackCOMMON             00070
DELAY_milliseconds@milliseconds                 cstackBANK1              000A8
EUSART1_SetErrorHandler@interruptHandler        cstackBANK1              000A8
EUSART1_SetFramingErrorHandler@interruptHandler cstackBANK1              000A8
EUSART1_SetOverrunErrorHandler@interruptHandler cstackBANK1              000A8
EUSART1_SetRxInterruptHandler@interruptHandler  cstackBANK1              000A8
FLASH_EraseBlock@GIEBitValue                    cstackCOMMON             00072
FLASH_EraseBlock@startAddr                      cstackCOMMON             00070
FLASH_ReadWord@GIEBitValue                      cstackCOMMON             00072
FLASH_ReadWord@flashAddr                        cstackCOMMON             00070
FLASH_Write_a_word@GIEBitValue                  cstackCOMMON             00074
FLASH_Write_a_word@flashWordArray               cstackCOMMON             00072
FLASH_Write_a_word@writeAddr                    cstackCOMMON             00070
TMR0_Int@CRC                                    cstackBANK0              0003E
TMR0_Int@addr                                   cstackBANK0              00042
TMR0_Int@array                                  cstackBANK0              0002E
TMR0_Int@crc_word                               cstackBANK0              00046
TMR0_Int@j                                      cstackBANK0              00044
TMR0_Int@j_804                                  cstackBANK0              00040
TMR0_Int@num                                    cstackBANK0              00048
TMR0_Reload@periodVal                           cstackCOMMON             00070
TMR0_SetInterruptHandler@InterruptHandler       cstackBANK1              000A8
_ANSELA                                         (abs)                    01F38
_ANSELB                                         (abs)                    01F43
_ANSELC                                         (abs)                    01F4E
_BAUD1CON                                       (abs)                    0011F
_DELAY_milliseconds                             text14                   0024C
_EUSART1_DefaultErrorHandler                    text33                   002BA
_EUSART1_DefaultFramingErrorHandler             text32                   002C8
_EUSART1_DefaultOverrunErrorHandler             text31                   002B6
_EUSART1_ErrorHandler                           nvBANK1                  000A0
_EUSART1_FramingErrorHandler                    nvBANK1                  000A4
_EUSART1_Initialize                             text9                    00178
_EUSART1_OverrunErrorHandler                    nvBANK1                  000A2
_EUSART1_Receive_ISR                            text26                   0013E
_EUSART1_RxDataHandler                          text34                   001F1
_EUSART1_RxDefaultInterruptHandler              nvBANK0                  00059
_EUSART1_SetErrorHandler                        text13                   002AB
_EUSART1_SetFramingErrorHandler                 text12                   002A5
_EUSART1_SetOverrunErrorHandler                 text11                   0029F
_EUSART1_SetRxInterruptHandler                  text10                   0028A
_EUSART_receive                                 _EUSART_receive_text     00F00
_EUSART_receive_absaddr                         (abs)                    00F00
_FLASH_EraseBlock                               text25                   001D5
_FLASH_ReadWord                                 text24                   0020B
_FLASH_Write_a_word                             _FLASH_Write_a_word_text 00D00
_FLASH_Write_a_word_absaddr                     (abs)                    00D00
_GIE                                            (abs)                    0005F
_INLVLA                                         (abs)                    01F3C
_INLVLB                                         (abs)                    01F47
_INLVLC                                         (abs)                    01F52
_INTCONbits                                     (abs)                    0000B
_INTERRUPT_InterruptManager                     intentry                 00004
_LATA                                           (abs)                    00018
_LATAbits                                       (abs)                    00018
_LATB                                           (abs)                    00019
_LATC                                           (abs)                    0001A
_LATCbits                                       (abs)                    0001A
_NVMADRH                                        (abs)                    0081B
_NVMADRL                                        (abs)                    0081A
_NVMCON1bits                                    (abs)                    0081E
_NVMCON2                                        (abs)                    0081F
_NVMDATH                                        (abs)                    0081D
_NVMDATL                                        (abs)                    0081C
_ODCONA                                         (abs)                    01F3A
_ODCONB                                         (abs)                    01F45
_ODCONC                                         (abs)                    01F50
_OSCCON1                                        (abs)                    0088D
_OSCCON3                                        (abs)                    0088F
_OSCEN                                          (abs)                    00891
_OSCFRQ                                         (abs)                    00893
_OSCILLATOR_Initialize                          text8                    00281
_OSCTUNE                                        (abs)                    00892
_PCON0bits                                      (abs)                    00813
_PIE0bits                                       (abs)                    00716
_PIE3bits                                       (abs)                    00719
_PIN_MANAGER_Initialize                         text7                    001AC
_PIR0bits                                       (abs)                    0070C
_PIR3bits                                       (abs)                    0070F
_PMD0                                           (abs)                    00796
_PMD1                                           (abs)                    00797
_PMD2                                           (abs)                    00798
_PMD3                                           (abs)                    00799
_PMD4                                           (abs)                    0079A
_PMD5                                           (abs)                    0079B
_PMD6                                           (abs)                    0079C
_PMD7                                           (abs)                    0079D
_PMD_Initialize                                 text6                    0026E
_RB7PPS                                         (abs)                    01F1F
_RC1REG                                         (abs)                    00119
_RC1STA                                         (abs)                    0011D
_RC1STAbits                                     (abs)                    0011D
_RX1DTPPS                                       (abs)                    01ECB
_SLRCONA                                        (abs)                    01F3B
_SLRCONB                                        (abs)                    01F46
_SLRCONC                                        (abs)                    01F51
_SP1BRGH                                        (abs)                    0011C
_SP1BRGL                                        (abs)                    0011B
_SYSTEM_Initialize                              text2                    00239
_T0CON0                                         (abs)                    0059E
_T0CON0bits                                     (abs)                    0059E
_T0CON1                                         (abs)                    0059F
_TMR0H                                          (abs)                    0059D
_TMR0L                                          (abs)                    0059C
_TMR0_DefaultInterruptHandler                   text17                   002C7
_TMR0_ISR                                       text16                   0025F
_TMR0_Initialize                                text4                    00224
_TMR0_Int                                       _TMR0_Int_text           00A00
_TMR0_Int_absaddr                               (abs)                    00A00
_TMR0_InterruptHandler                          nvBANK0                  0005B
_TMR0_Reload                                    text30                   002B1
_TMR0_SetInterruptHandler                       text5                    00278
_TMR0_StartTimer                                text29                   002C4
_TMR0_StopTimer                                 text1                    002BE
_TRISA                                          (abs)                    00012
_TRISB                                          (abs)                    00013
_TRISC                                          (abs)                    00014
_TX1REG                                         (abs)                    0011A
_TX1STA                                         (abs)                    0011E
_TX1STAbits                                     (abs)                    0011E
_WDTCON0                                        (abs)                    0080C
_WDTCON0bits                                    (abs)                    0080C
_WDTCON1                                        (abs)                    0080D
_WPUA                                           (abs)                    01F39
_WPUB                                           (abs)                    01F44
_WPUC                                           (abs)                    01F4F
_WWDT_Initialize                                text3                    00299
__H_EUSART_receive_text                         _EUSART_receive_text     00F1A
__H_FLASH_Write_a_word_text                     _FLASH_Write_a_word_text 00D21
__H_TMR0_Int_text                               _TMR0_Int_text           00B36
__H_crc_test_text                               _crc_test_text           00E8B
__H_reverse_16_text                             _reverse_16_text         00DD6
__H_reverse_8_text                              _reverse_8_text          00D6C
__Habs1                                         abs1                     00000
__Hbank0                                        bank0                    00000
__Hbank1                                        bank1                    00000
__Hbank10                                       bank10                   00000
__Hbank11                                       bank11                   00000
__Hbank12                                       bank12                   00000
__Hbank13                                       bank13                   00000
__Hbank14                                       bank14                   00000
__Hbank15                                       bank15                   00000
__Hbank16                                       bank16                   00000
__Hbank17                                       bank17                   00000
__Hbank18                                       bank18                   00000
__Hbank19                                       bank19                   00000
__Hbank2                                        bank2                    00000
__Hbank20                                       bank20                   00000
__Hbank21                                       bank21                   00000
__Hbank22                                       bank22                   00000
__Hbank23                                       bank23                   00000
__Hbank24                                       bank24                   00000
__Hbank25                                       bank25                   00000
__Hbank26                                       bank26                   00000
__Hbank27                                       bank27                   00000
__Hbank28                                       bank28                   00000
__Hbank29                                       bank29                   00000
__Hbank3                                        bank3                    00000
__Hbank30                                       bank30                   00000
__Hbank31                                       bank31                   00000
__Hbank32                                       bank32                   00000
__Hbank33                                       bank33                   00000
__Hbank34                                       bank34                   00000
__Hbank35                                       bank35                   00000
__Hbank36                                       bank36                   00000
__Hbank37                                       bank37                   00000
__Hbank38                                       bank38                   00000
__Hbank39                                       bank39                   00000
__Hbank4                                        bank4                    00000
__Hbank40                                       bank40                   00000
__Hbank41                                       bank41                   00000
__Hbank42                                       bank42                   00000
__Hbank43                                       bank43                   00000
__Hbank44                                       bank44                   00000
__Hbank45                                       bank45                   00000
__Hbank46                                       bank46                   00000
__Hbank47                                       bank47                   00000
__Hbank48                                       bank48                   00000
__Hbank49                                       bank49                   00000
__Hbank5                                        bank5                    00000
__Hbank50                                       bank50                   00000
__Hbank51                                       bank51                   00000
__Hbank52                                       bank52                   00000
__Hbank53                                       bank53                   00000
__Hbank54                                       bank54                   00000
__Hbank55                                       bank55                   00000
__Hbank56                                       bank56                   00000
__Hbank57                                       bank57                   00000
__Hbank58                                       bank58                   00000
__Hbank59                                       bank59                   00000
__Hbank6                                        bank6                    00000
__Hbank60                                       bank60                   00000
__Hbank61                                       bank61                   00000
__Hbank62                                       bank62                   00000
__Hbank63                                       bank63                   00000
__Hbank7                                        bank7                    00000
__Hbank8                                        bank8                    00000
__Hbank9                                        bank9                    00000
__Hbigram                                       bigram                   00000
__HbssBANK0                                     bssBANK0                 00000
__HbssBANK1                                     bssBANK1                 00000
__HbssCOMMON                                    bssCOMMON                00000
__Hcinit                                        cinit                    0009B
__Hclrtext                                      clrtext                  00000
__Hcode                                         code                     00000
__Hcommon                                       common                   00000
__Hconfig                                       config                   0800C
__HcstackBANK0                                  cstackBANK0              00000
__HcstackBANK1                                  cstackBANK1              00000
__HcstackCOMMON                                 cstackCOMMON             00000
__Heeprom_data                                  eeprom_data              00000
__Hend_init                                     end_init                 0008A
__Hfunctab                                      functab                  00000
__Hinit                                         init                     00088
__Hintentry                                     intentry                 00088
__Hmaintext                                     maintext                 00000
__HnvBANK0                                      nvBANK0                  00000
__HnvBANK1                                      nvBANK1                  00000
__Hpowerup                                      powerup                  00000
__Hram                                          ram                      00000
__Hreset_vec                                    reset_vec                00002
__Hsfr0                                         sfr0                     00000
__Hsfr1                                         sfr1                     00000
__Hsfr10                                        sfr10                    00000
__Hsfr11                                        sfr11                    00000
__Hsfr12                                        sfr12                    00000
__Hsfr13                                        sfr13                    00000
__Hsfr14                                        sfr14                    00000
__Hsfr15                                        sfr15                    00000
__Hsfr16                                        sfr16                    00000
__Hsfr17                                        sfr17                    00000
__Hsfr18                                        sfr18                    00000
__Hsfr19                                        sfr19                    00000
__Hsfr2                                         sfr2                     00000
__Hsfr20                                        sfr20                    00000
__Hsfr21                                        sfr21                    00000
__Hsfr22                                        sfr22                    00000
__Hsfr23                                        sfr23                    00000
__Hsfr24                                        sfr24                    00000
__Hsfr25                                        sfr25                    00000
__Hsfr26                                        sfr26                    00000
__Hsfr27                                        sfr27                    00000
__Hsfr28                                        sfr28                    00000
__Hsfr29                                        sfr29                    00000
__Hsfr3                                         sfr3                     00000
__Hsfr30                                        sfr30                    00000
__Hsfr31                                        sfr31                    00000
__Hsfr32                                        sfr32                    00000
__Hsfr33                                        sfr33                    00000
__Hsfr34                                        sfr34                    00000
__Hsfr35                                        sfr35                    00000
__Hsfr36                                        sfr36                    00000
__Hsfr37                                        sfr37                    00000
__Hsfr38                                        sfr38                    00000
__Hsfr39                                        sfr39                    00000
__Hsfr4                                         sfr4                     00000
__Hsfr40                                        sfr40                    00000
__Hsfr41                                        sfr41                    00000
__Hsfr42                                        sfr42                    00000
__Hsfr43                                        sfr43                    00000
__Hsfr44                                        sfr44                    00000
__Hsfr45                                        sfr45                    00000
__Hsfr46                                        sfr46                    00000
__Hsfr47                                        sfr47                    00000
__Hsfr48                                        sfr48                    00000
__Hsfr49                                        sfr49                    00000
__Hsfr5                                         sfr5                     00000
__Hsfr50                                        sfr50                    00000
__Hsfr51                                        sfr51                    00000
__Hsfr52                                        sfr52                    00000
__Hsfr53                                        sfr53                    00000
__Hsfr54                                        sfr54                    00000
__Hsfr55                                        sfr55                    00000
__Hsfr56                                        sfr56                    00000
__Hsfr57                                        sfr57                    00000
__Hsfr58                                        sfr58                    00000
__Hsfr59                                        sfr59                    00000
__Hsfr6                                         sfr6                     00000
__Hsfr60                                        sfr60                    00000
__Hsfr61                                        sfr61                    00000
__Hsfr62                                        sfr62                    00000
__Hsfr63                                        sfr63                    00000
__Hsfr7                                         sfr7                     00000
__Hsfr8                                         sfr8                     00000
__Hsfr9                                         sfr9                     00000
__Hspace_0                                      (abs)                    00F1A
__Hspace_1                                      (abs)                    000AA
__Hspace_2                                      (abs)                    00000
__Hspace_3                                      (abs)                    00000
__Hspace_4                                      (abs)                    10013
__Hstack                                        stack                    00000
__Hstrings                                      strings                  00000
__Htext                                         text                     00000
__L_EUSART_receive_text                         _EUSART_receive_text     00F00
__L_FLASH_Write_a_word_text                     _FLASH_Write_a_word_text 00D00
__L_TMR0_Int_text                               _TMR0_Int_text           00A00
__L_crc_test_text                               _crc_test_text           00E00
__L_reverse_16_text                             _reverse_16_text         00DA0
__L_reverse_8_text                              _reverse_8_text          00D40
__Labs1                                         abs1                     00000
__Lbank0                                        bank0                    00000
__Lbank1                                        bank1                    00000
__Lbank10                                       bank10                   00000
__Lbank11                                       bank11                   00000
__Lbank12                                       bank12                   00000
__Lbank13                                       bank13                   00000
__Lbank14                                       bank14                   00000
__Lbank15                                       bank15                   00000
__Lbank16                                       bank16                   00000
__Lbank17                                       bank17                   00000
__Lbank18                                       bank18                   00000
__Lbank19                                       bank19                   00000
__Lbank2                                        bank2                    00000
__Lbank20                                       bank20                   00000
__Lbank21                                       bank21                   00000
__Lbank22                                       bank22                   00000
__Lbank23                                       bank23                   00000
__Lbank24                                       bank24                   00000
__Lbank25                                       bank25                   00000
__Lbank26                                       bank26                   00000
__Lbank27                                       bank27                   00000
__Lbank28                                       bank28                   00000
__Lbank29                                       bank29                   00000
__Lbank3                                        bank3                    00000
__Lbank30                                       bank30                   00000
__Lbank31                                       bank31                   00000
__Lbank32                                       bank32                   00000
__Lbank33                                       bank33                   00000
__Lbank34                                       bank34                   00000
__Lbank35                                       bank35                   00000
__Lbank36                                       bank36                   00000
__Lbank37                                       bank37                   00000
__Lbank38                                       bank38                   00000
__Lbank39                                       bank39                   00000
__Lbank4                                        bank4                    00000
__Lbank40                                       bank40                   00000
__Lbank41                                       bank41                   00000
__Lbank42                                       bank42                   00000
__Lbank43                                       bank43                   00000
__Lbank44                                       bank44                   00000
__Lbank45                                       bank45                   00000
__Lbank46                                       bank46                   00000
__Lbank47                                       bank47                   00000
__Lbank48                                       bank48                   00000
__Lbank49                                       bank49                   00000
__Lbank5                                        bank5                    00000
__Lbank50                                       bank50                   00000
__Lbank51                                       bank51                   00000
__Lbank52                                       bank52                   00000
__Lbank53                                       bank53                   00000
__Lbank54                                       bank54                   00000
__Lbank55                                       bank55                   00000
__Lbank56                                       bank56                   00000
__Lbank57                                       bank57                   00000
__Lbank58                                       bank58                   00000
__Lbank59                                       bank59                   00000
__Lbank6                                        bank6                    00000
__Lbank60                                       bank60                   00000
__Lbank61                                       bank61                   00000
__Lbank62                                       bank62                   00000
__Lbank63                                       bank63                   00000
__Lbank7                                        bank7                    00000
__Lbank8                                        bank8                    00000
__Lbank9                                        bank9                    00000
__Lbigram                                       bigram                   00000
__LbssBANK0                                     bssBANK0                 00000
__LbssBANK1                                     bssBANK1                 00000
__LbssCOMMON                                    bssCOMMON                00000
__Lcinit                                        cinit                    0008A
__Lclrtext                                      clrtext                  00000
__Lcode                                         code                     00000
__Lcommon                                       common                   00000
__Lconfig                                       config                   00000
__LcstackBANK0                                  cstackBANK0              00000
__LcstackBANK1                                  cstackBANK1              00000
__LcstackCOMMON                                 cstackCOMMON             00000
__Leeprom_data                                  eeprom_data              00000
__Lend_init                                     end_init                 00088
__Lfunctab                                      functab                  00000
__Linit                                         init                     00088
__Lintentry                                     intentry                 00004
__Lmaintext                                     maintext                 00000
__LnvBANK0                                      nvBANK0                  00000
__LnvBANK1                                      nvBANK1                  00000
__Lpowerup                                      powerup                  00000
__Lram                                          ram                      00000
__Lreset_vec                                    reset_vec                00000
__Lsfr0                                         sfr0                     00000
__Lsfr1                                         sfr1                     00000
__Lsfr10                                        sfr10                    00000
__Lsfr11                                        sfr11                    00000
__Lsfr12                                        sfr12                    00000
__Lsfr13                                        sfr13                    00000
__Lsfr14                                        sfr14                    00000
__Lsfr15                                        sfr15                    00000
__Lsfr16                                        sfr16                    00000
__Lsfr17                                        sfr17                    00000
__Lsfr18                                        sfr18                    00000
__Lsfr19                                        sfr19                    00000
__Lsfr2                                         sfr2                     00000
__Lsfr20                                        sfr20                    00000
__Lsfr21                                        sfr21                    00000
__Lsfr22                                        sfr22                    00000
__Lsfr23                                        sfr23                    00000
__Lsfr24                                        sfr24                    00000
__Lsfr25                                        sfr25                    00000
__Lsfr26                                        sfr26                    00000
__Lsfr27                                        sfr27                    00000
__Lsfr28                                        sfr28                    00000
__Lsfr29                                        sfr29                    00000
__Lsfr3                                         sfr3                     00000
__Lsfr30                                        sfr30                    00000
__Lsfr31                                        sfr31                    00000
__Lsfr32                                        sfr32                    00000
__Lsfr33                                        sfr33                    00000
__Lsfr34                                        sfr34                    00000
__Lsfr35                                        sfr35                    00000
__Lsfr36                                        sfr36                    00000
__Lsfr37                                        sfr37                    00000
__Lsfr38                                        sfr38                    00000
__Lsfr39                                        sfr39                    00000
__Lsfr4                                         sfr4                     00000
__Lsfr40                                        sfr40                    00000
__Lsfr41                                        sfr41                    00000
__Lsfr42                                        sfr42                    00000
__Lsfr43                                        sfr43                    00000
__Lsfr44                                        sfr44                    00000
__Lsfr45                                        sfr45                    00000
__Lsfr46                                        sfr46                    00000
__Lsfr47                                        sfr47                    00000
__Lsfr48                                        sfr48                    00000
__Lsfr49                                        sfr49                    00000
__Lsfr5                                         sfr5                     00000
__Lsfr50                                        sfr50                    00000
__Lsfr51                                        sfr51                    00000
__Lsfr52                                        sfr52                    00000
__Lsfr53                                        sfr53                    00000
__Lsfr54                                        sfr54                    00000
__Lsfr55                                        sfr55                    00000
__Lsfr56                                        sfr56                    00000
__Lsfr57                                        sfr57                    00000
__Lsfr58                                        sfr58                    00000
__Lsfr59                                        sfr59                    00000
__Lsfr6                                         sfr6                     00000
__Lsfr60                                        sfr60                    00000
__Lsfr61                                        sfr61                    00000
__Lsfr62                                        sfr62                    00000
__Lsfr63                                        sfr63                    00000
__Lsfr7                                         sfr7                     00000
__Lsfr8                                         sfr8                     00000
__Lsfr9                                         sfr9                     00000
__Lspace_0                                      (abs)                    00000
__Lspace_1                                      (abs)                    00000
__Lspace_2                                      (abs)                    00000
__Lspace_3                                      (abs)                    00000
__Lspace_4                                      (abs)                    00000
__Lstack                                        stack                    00000
__Lstrings                                      strings                  00000
__Ltext                                         text                     00000
__S0                                            (abs)                    002C9
__S1                                            (abs)                    000AA
__S2                                            (abs)                    00000
__S3                                            (abs)                    00000
___awdiv                                        text22                   0009B
___awdiv@counter                                cstackCOMMON             00075
___awdiv@dividend                               cstackCOMMON             00072
___awdiv@divisor                                cstackCOMMON             00070
___awdiv@quotient                               cstackCOMMON             00077
___awdiv@sign                                   cstackCOMMON             00076
___int_sp                                       stack                    00000
___latbits                                      (abs)                    00003
___sp                                           stack                    00000
___stackhi                                      (abs)                    025CF
___stacklo                                      (abs)                    0205A
__end_of_DELAY_milliseconds                     text14                   0025F
__end_of_EUSART1_DefaultErrorHandler            text33                   002BE
__end_of_EUSART1_DefaultFramingErrorHandler     text32                   002C9
__end_of_EUSART1_DefaultOverrunErrorHandler     text31                   002BA
__end_of_EUSART1_Initialize                     text9                    001AC
__end_of_EUSART1_Receive_ISR                    text26                   00178
__end_of_EUSART1_RxDataHandler                  text34                   0020B
__end_of_EUSART1_SetErrorHandler                text13                   002B1
__end_of_EUSART1_SetFramingErrorHandler         text12                   002AB
__end_of_EUSART1_SetOverrunErrorHandler         text11                   002A5
__end_of_EUSART1_SetRxInterruptHandler          text10                   00293
__end_of_EUSART_receive                         _EUSART_receive_text     00F1A
__end_of_FLASH_EraseBlock                       text25                   001F1
__end_of_FLASH_ReadWord                         text24                   00224
__end_of_FLASH_Write_a_word                     _FLASH_Write_a_word_text 00D21
__end_of_INTERRUPT_InterruptManager             intentry                 00088
__end_of_OSCILLATOR_Initialize                  text8                    0028A
__end_of_PIN_MANAGER_Initialize                 text7                    001D5
__end_of_PMD_Initialize                         text6                    00278
__end_of_SYSTEM_Initialize                      text2                    0024C
__end_of_TMR0_DefaultInterruptHandler           text17                   002C8
__end_of_TMR0_ISR                               text16                   0026E
__end_of_TMR0_Initialize                        text4                    00239
__end_of_TMR0_Int                               _TMR0_Int_text           00B36
__end_of_TMR0_Reload                            text30                   002B6
__end_of_TMR0_SetInterruptHandler               text5                    00281
__end_of_TMR0_StartTimer                        text29                   002C7
__end_of_TMR0_StopTimer                         text1                    002C1
__end_of_WWDT_Initialize                        text3                    0029F
__end_of___awdiv                                text22                   000FA
__end_of__initialization                        cinit                    00097
__end_of_crc_test                               _crc_test_text           00E8B
__end_of_main                                   maintext                 0013E
__end_of_reverse_16                             _reverse_16_text         00DD6
__end_of_reverse_8                              _reverse_8_text          00D6C
__end_ofi1_TMR0_StopTimer                       text28                   002C4
__initialization                                cinit                    0008A
__p_EUSART_receive_text                         _EUSART_receive_text     00F00
__p_FLASH_Write_a_word_text                     _FLASH_Write_a_word_text 00D00
__p_TMR0_Int_text                               _TMR0_Int_text           00A00
__p_crc_test_text                               _crc_test_text           00E00
__p_reverse_16_text                             _reverse_16_text         00DA0
__p_reverse_8_text                              _reverse_8_text          00D40
__pbssBANK0                                     bssBANK0                 00049
__pbssBANK1                                     bssBANK1                 000A6
__pbssCOMMON                                    bssCOMMON                0007C
__pcstackBANK0                                  cstackBANK0              00020
__pcstackBANK1                                  cstackBANK1              000A8
__pcstackCOMMON                                 cstackCOMMON             00070
__pintentry                                     intentry                 00004
__pmaintext                                     maintext                 000FA
__pnvBANK0                                      nvBANK0                  00059
__pnvBANK1                                      nvBANK1                  000A0
__ptext1                                        text1                    002BE
__ptext10                                       text10                   0028A
__ptext11                                       text11                   0029F
__ptext12                                       text12                   002A5
__ptext13                                       text13                   002AB
__ptext14                                       text14                   0024C
__ptext16                                       text16                   0025F
__ptext17                                       text17                   002C7
__ptext2                                        text2                    00239
__ptext22                                       text22                   0009B
__ptext24                                       text24                   0020B
__ptext25                                       text25                   001D5
__ptext26                                       text26                   0013E
__ptext28                                       text28                   002C1
__ptext29                                       text29                   002C4
__ptext3                                        text3                    00299
__ptext30                                       text30                   002B1
__ptext31                                       text31                   002B6
__ptext32                                       text32                   002C8
__ptext33                                       text33                   002BA
__ptext34                                       text34                   001F1
__ptext4                                        text4                    00224
__ptext5                                        text5                    00278
__ptext6                                        text6                    0026E
__ptext7                                        text7                    001AC
__ptext8                                        text8                    00281
__ptext9                                        text9                    00178
__size_of_DELAY_milliseconds                    (abs)                    00000
__size_of_EUSART1_DefaultErrorHandler           (abs)                    00000
__size_of_EUSART1_DefaultFramingErrorHandler    (abs)                    00000
__size_of_EUSART1_DefaultOverrunErrorHandler    (abs)                    00000
__size_of_EUSART1_Initialize                    (abs)                    00000
__size_of_EUSART1_Receive_ISR                   (abs)                    00000
__size_of_EUSART1_RxDataHandler                 (abs)                    00000
__size_of_EUSART1_SetErrorHandler               (abs)                    00000
__size_of_EUSART1_SetFramingErrorHandler        (abs)                    00000
__size_of_EUSART1_SetOverrunErrorHandler        (abs)                    00000
__size_of_EUSART1_SetRxInterruptHandler         (abs)                    00000
__size_of_EUSART_receive                        (abs)                    00000
__size_of_FLASH_EraseBlock                      (abs)                    00000
__size_of_FLASH_ReadWord                        (abs)                    00000
__size_of_FLASH_Write_a_word                    (abs)                    00000
__size_of_INTERRUPT_InterruptManager            (abs)                    00000
__size_of_OSCILLATOR_Initialize                 (abs)                    00000
__size_of_PIN_MANAGER_Initialize                (abs)                    00000
__size_of_PMD_Initialize                        (abs)                    00000
__size_of_SYSTEM_Initialize                     (abs)                    00000
__size_of_TMR0_DefaultInterruptHandler          (abs)                    00000
__size_of_TMR0_ISR                              (abs)                    00000
__size_of_TMR0_Initialize                       (abs)                    00000
__size_of_TMR0_Int                              (abs)                    00000
__size_of_TMR0_Reload                           (abs)                    00000
__size_of_TMR0_SetInterruptHandler              (abs)                    00000
__size_of_TMR0_StartTimer                       (abs)                    00000
__size_of_TMR0_StopTimer                        (abs)                    00000
__size_of_WWDT_Initialize                       (abs)                    00000
__size_of___awdiv                               (abs)                    00000
__size_of_crc_test                              (abs)                    00000
__size_of_main                                  (abs)                    00000
__size_of_reverse_16                            (abs)                    00000
__size_of_reverse_8                             (abs)                    00000
__size_ofi1_TMR0_StopTimer                      (abs)                    00000
_crc_test                                       _crc_test_text           00E00
_crc_test_absaddr                               (abs)                    00E00
_eusart1RxBuffer                                bssBANK0                 00051
_eusart1RxCount                                 bssCOMMON                0007C
_eusart1RxHead                                  bssBANK1                 000A7
_eusart1RxLastError                             bssBANK1                 000A6
_eusart1RxStatusBuffer                          bssBANK0                 00049
_eusart1RxTail                                  bssCOMMON                0007D
_flag_erase                                     (abs)                    009AF
_frame                                          (abs)                    00950
_i                                              (abs)                    009A0
_main                                           maintext                 000FA
_reverse_16                                     _reverse_16_text         00DA0
_reverse_16_absaddr                             (abs)                    00DA0
_reverse_8                                      _reverse_8_text          00D40
_reverse_8_absaddr                              (abs)                    00D40
btemp                                           (abs)                    0007E
clear_ram0                                      clrtext                  00293
crc_test@Data                                   cstackBANK0              00026
crc_test@addr                                   cstackBANK0              00025
crc_test@crc_reg                                cstackBANK0              00029
crc_test@data                                   cstackBANK0              00028
crc_test@i                                      cstackBANK0              00023
crc_test@num                                    cstackCOMMON             0007A
end_of_initialization                           cinit                    00097
i1_TMR0_StopTimer                               text28                   002C1
int$flags                                       (abs)                    0007E
intlevel0                                       functab                  00000
intlevel1                                       functab                  00000
intlevel2                                       functab                  00000
intlevel3                                       functab                  00000
intlevel4                                       functab                  00000
intlevel5                                       functab                  00000
reset_vec                                       reset_vec                00000
reverse_16@i                                    cstackCOMMON             00078
reverse_16@k                                    cstackCOMMON             00070
reverse_16@temp                                 cstackCOMMON             00076
reverse_8@i                                     cstackCOMMON             00075
reverse_8@k                                     cstackCOMMON             00073
reverse_8@temp                                  cstackCOMMON             00074
start                                           init                     00088
start_initialization                            cinit                    0008A
wtemp0                                          (abs)                    0007E


MODULE INFORMATION

Module		Function		Class		Link	Load	Size
C:\Program Files\Microchip\xc8\v2.32\pic\sources\c99\common\awdiv.c
		___awdiv       		CODE           	009B	0000	95

C:\Program Files\Microchip\xc8\v2.32\pic\sources\c99\common\awdiv.c estimated size: 95

mcc_generated_files/interrupt_manager.c
		_INTERRUPT_InterruptManager		CODE           	0004	0000	132

mcc_generated_files/interrupt_manager.c estimated size: 132

mcc_generated_files/tmr0.c
		_TMR0_SetInterruptHandler		CODE           	0278	0000	9
		_TMR0_StopTimer		CODE           	02BE	0000	3
		_TMR0_Reload   		CODE           	02B1	0000	5
		_TMR0_DefaultInterruptHandler		CODE           	02C7	0000	1
		_TMR0_StartTimer		CODE           	02C4	0000	3
		_TMR0_ISR      		CODE           	025F	0000	15
		_TMR0_Initialize		CODE           	0224	0000	21

mcc_generated_files/tmr0.c estimated size: 57

mcc_generated_files/pin_manager.c
		_PIN_MANAGER_Initialize		CODE           	01AC	0000	41

mcc_generated_files/pin_manager.c estimated size: 41

shared
		i1_TMR0_StopTimer		CODE           	02C1	0000	3
		__initialization		CODE           	008A	0000	13

shared estimated size: 16

mcc_generated_files/eusart1.c
		_EUSART1_SetRxInterruptHandler		CODE           	028A	0000	9
		_EUSART1_Initialize		CODE           	0178	0000	52
		_EUSART1_DefaultErrorHandler		CODE           	02BA	0000	4
		_EUSART1_SetFramingErrorHandler		CODE           	02A5	0000	6
		_EUSART1_SetOverrunErrorHandler		CODE           	029F	0000	6
		_EUSART1_SetErrorHandler		CODE           	02AB	0000	6
		_EUSART1_Receive_ISR		CODE           	013E	0000	58
		_EUSART1_RxDataHandler		CODE           	01F1	0000	26
		_EUSART1_DefaultOverrunErrorHandler		CODE           	02B6	0000	4
		_EUSART1_DefaultFramingErrorHandler		CODE           	02C8	0000	1

mcc_generated_files/eusart1.c estimated size: 172

mcc_generated_files/mcc.c
		_PMD_Initialize		CODE           	026E	0000	10
		_OSCILLATOR_Initialize		CODE           	0281	0000	9
		_SYSTEM_Initialize		CODE           	0239	0000	19
		_WWDT_Initialize		CODE           	0299	0000	6

mcc_generated_files/mcc.c estimated size: 44

mcc_generated_files/delay.c
		_DELAY_milliseconds		CODE           	024C	0000	19

mcc_generated_files/delay.c estimated size: 19

mcc_generated_files/memory.c
		_FLASH_EraseBlock		CODE           	01D5	0000	28
		_FLASH_ReadWord		CODE           	020B	0000	25

mcc_generated_files/memory.c estimated size: 53

main.c
		_main          		CODE           	00FA	0000	68
		_TMR0_Int      		CODE           	0A00	0000	310
		_EUSART_receive		CODE           	0F00	0000	26
		_crc_test      		CODE           	0E00	0000	139
		_FLASH_Write_a_word		CODE           	0D00	0000	33
		_reverse_8     		CODE           	0D40	0000	44
		_reverse_16    		CODE           	0DA0	0000	54

main.c estimated size: 674

